// 重构日志: a8af89d8
// 重构日志: bfbb5161
// 同步 ID: 487f43df @ Sun Jul 26 17:25:25 UTC 2026
// 同步 ID: 936cdc31 @ Sun Jul 26 23:50:06 UTC 2026
// 重构日志: c5979ca1
// 同步 ID: a348e8a9 @ Wed Jul 29 00:21:03 UTC 2026
// 同步 ID: 9fef3016 @ Thu Jul 30 00:18:22 UTC 2026
// 同步 ID: 4e387110 @ Thu Jul 30 12:46:28 UTC 2026
// 重构日志: 2a8e7e04
// 同步 ID: fedf3811 @ Fri Jul 31 10:01:09 UTC 2026
// 同步 ID: 771f6773 @ Fri Jul 31 17:55:45 UTC 2026
// 重构日志: 80edfd86
// 重构日志: fb1862c1
// 重构日志: b8f6c26f
// 重构日志: 5484f727
// 同步 ID: dd980a10 @ Sun Aug  2 09:26:34 UTC 2026
// 重构日志: f2845e5d
// 同步 ID: 24fac2d1 @ Sun Aug  2 15:17:53 UTC 2026
// 重构日志: 304b49ac
// 同步 ID: ad274ee0 @ Mon Aug  3 17:31:38 UTC 2026
// 重构日志: 1b94039c
// 重构日志: 19121a9b
// 重构日志: 46819937
// 重构日志: 4ee08c7a
// 重构日志: d34fef5d
// 同步 ID: b9ad1180 @ Fri Aug  7 10:37:57 UTC 2026
// 同步 ID: 1ca1b59c @ Fri Aug  7 11:36:01 UTC 2026
// 同步 ID: d021dedd @ Fri Aug  7 12:26:49 UTC 2026
// 重构日志: 09b55ae5
// 同步 ID: dd2e9025 @ Fri Aug  7 22:47:31 UTC 2026
